Running UI tests on the desktop. Result bundle: /Users/fujishima/aibou-learning-verification/isolated/game-lab/QA/results/ui-20260915-132748-75761.xcresult
Command line invocation:
    /Applications/Xcode.app/Contents/Developer/usr/bin/xcodebuild -project /Users/fujishima/aibou-learning-verification/isolated/game-lab/AIBOUGameLabUITests.xcodeproj -scheme AIBOUGameLabUITests -destination platform=macOS,arch=arm64 -derivedDataPath /Users/fujishima/aibou-learning-verification/isolated/game-lab/.build/ui-tests -parallel-testing-enabled NO -resultBundlePath /Users/fujishima/aibou-learning-verification/isolated/game-lab/QA/results/ui-20260915-132748-75761.xcresult test-without-building "-only-testing:AIBOUGameLabUITests/ExhibitionUITests/testAllTwentyGamesStartAndReturnToTheirRoomWithoutLabControls" "-only-testing:AIBOUGameLabUITests/WorkshopUITests/testRelaunchResumesSavedCircuitAndInputState" "-only-testing:AIBOUGameLabUITests/ExhibitionUITests/testGirlOpensLessonsAndAllTwentyExperimentsComplete" "-only-testing:AIBOUGameLabUITests/ExhibitionUITests/testLobbyAnimationPauseAndNavigation" "-only-testing:AIBOUGameLabUITests/ExhibitionUITests/testLobbyNarrationEndsWhenOpeningMap" "-only-testing:AIBOUGameLabUITests/ExhibitionUITests/testCompactWindowKeepsAllDoorsAndMapEntrancesOperable"

Writing result bundle at path:
	/Users/fujishima/aibou-learning-verification/isolated/game-lab/QA/results/ui-20260915-132748-75761.xcresult

2026-09-15 13:27:49.312655+0900 AIBOUGameLabUITests-Runner[75788:34149489] [Default] Running tests...
Test Suite 'Selected tests' started at 2026-09-15 13:27:51.085.
Test Suite 'AIBOUGameLabUITests.xctest' started at 2026-09-15 13:27:51.086.
Test Suite 'ExhibitionUITests' started at 2026-09-15 13:27:51.086.
Test Case '-[AIBOUGameLabUITests.ExhibitionUITests testAllTwentyGamesStartAndReturnToTheirRoomWithoutLabControls]' started.
    t =     0.00s Start Test at 2026-09-15 13:27:51.087
    t =     0.27s Set Up
    t =     0.27s     Open local.aibou.gamelab
    t =     0.27s         Launch local.aibou.gamelab
    t =     0.88s             Wait for accessibility to load
    t =     1.24s             Setting up automation session
    t =     1.25s             Wait for local.aibou.gamelab to idle
    t =     1.25s     Open local.aibou.gamelab
    t =     1.25s         Activate local.aibou.gamelab
    t =     1.26s             Wait for local.aibou.gamelab to idle
    t =     1.26s     Wait for local.aibou.gamelab to become Running Foreground
    t =     1.26s     Checking existence of `Window (First Match)`
    t =     1.51s     Waiting 2.0s for Window (First Match) to exist
    t =     2.55s         Checking `Expect predicate `existsNoRetry == 1` for object Window (First Match)`
    t =     2.55s             Checking existence of `Window (First Match)`
    t =     2.56s     Waiting 15.0s for Window (First Match) to exist
    t =     3.60s         Checking `Expect predicate `existsNoRetry == 1` for object Window (First Match)`
    t =     3.60s             Checking existence of `Window (First Match)`
    t =     3.61s Checking existence of `"ex.area.a" Any`
    t =     3.63s Find the "ex.area.a" Any
    t =     3.68s Click "ex.area.a" Button
    t =     3.68s     Wait for local.aibou.gamelab to idle
    t =     3.68s     Find the "ex.area.a" Button
    t =     3.69s     Check for interrupting elements affecting "ex.area.a" Button
    t =     3.72s     Synthesize event
    t =     4.11s     Wait for local.aibou.gamelab to idle
    t =     4.12s Checking existence of `"ex.game.bit-art" Any`
    t =     4.12s Find the "ex.game.bit-art" Any
    t =     4.14s Click "ex.game.bit-art" Button
    t =     4.15s     Wait for local.aibou.gamelab to idle
    t =     4.15s     Find the "ex.game.bit-art" Button
    t =     4.16s     Check for interrupting elements affecting "ex.game.bit-art" Button
    t =     4.18s     Synthesize event
    t =     4.54s     Wait for local.aibou.gamelab to idle
    t =     4.54s Checking existence of `"ex.entry.start" Any`
    t =     4.55s Find the "ex.entry.start" Any
    t =     4.58s Click "ex.entry.start" Button
    t =     4.58s     Wait for local.aibou.gamelab to idle
    t =     4.58s     Find the "ex.entry.start" Button
    t =     4.59s     Check for interrupting elements affecting "ex.entry.start" Button
    t =     4.61s     Synthesize event
    t =     5.10s     Wait for local.aibou.gamelab to idle
    t =     5.10s Checking existence of `"experience.exit" Any`
    t =     5.11s Find the "experience.exit" Any
    t =     5.13s Find the "experience.exit" Button
    t =     5.14s Checking existence of `"ex.entry.start" Any`
    t =     5.20s Checking existence of `"ex.lab" Any`
    t =     5.23s Checking existence of `"lesson.lab" Any`
    t =     5.27s Checking existence of `Button (First Match)`
    t =     5.31s Click "experience.exit" Button
    t =     5.31s     Wait for local.aibou.gamelab to idle
    t =     5.31s     Find the "experience.exit" Button
    t =     5.32s     Check for interrupting elements affecting "experience.exit" Button
    t =     5.33s     Synthesize event
    t =     5.67s     Wait for local.aibou.gamelab to idle
    t =     5.67s Checking existence of `"ex.game.bit-art" Any`
    t =     5.68s Find the "ex.game.bit-art" Any
    t =     5.71s Find the "ex.game.bit-art" Button
    t =     5.72s Get all elements bound by index for: Elements matching predicate 'identifier BEGINSWITH "ex.game."'
    t =     5.76s Find the Button (Element at index 0)
    t =     5.78s Find the Button (Element at index 1)
    t =     5.81s Find the Button (Element at index 2)
    t =     5.83s Find the Button (Element at index 3)
    t =     5.86s Checking existence of `"experience.exit" Any`
    t =     5.89s Checking existence of `"ex.game.circuit-atelier" Any`
    t =     5.90s Find the "ex.game.circuit-atelier" Any
    t =     5.92s Click "ex.game.circuit-atelier" Button
    t =     5.92s     Wait for local.aibou.gamelab to idle
    t =     5.92s     Find the "ex.game.circuit-atelier" Button
    t =     5.93s     Check for interrupting elements affecting "ex.game.circuit-atelier" Button
    t =     5.96s     Synthesize event
    t =     6.31s     Wait for local.aibou.gamelab to idle
    t =     6.31s Checking existence of `"ex.entry.start" Any`
    t =     6.32s Find the "ex.entry.start" Any
    t =     6.34s Click "ex.entry.start" Button
    t =     6.34s     Wait for local.aibou.gamelab to idle
    t =     6.34s     Find the "ex.entry.start" Button
    t =     6.35s     Check for interrupting elements affecting "ex.entry.start" Button
    t =     6.38s     Synthesize event
    t =     6.81s     Wait for local.aibou.gamelab to idle
    t =     6.81s Checking existence of `"experience.exit" Any`
    t =     6.82s Find the "experience.exit" Any
    t =     6.84s Find the "experience.exit" Button
    t =     6.87s Checking existence of `"ex.entry.start" Any`
    t =     6.93s Checking existence of `"ex.lab" Any`
    t =     6.98s Checking existence of `"lesson.lab" Any`
    t =     7.03s Checking existence of `Button (First Match)`
    t =     7.06s Click "experience.exit" Button
    t =     7.06s     Wait for local.aibou.gamelab to idle
    t =     7.06s     Find the "experience.exit" Button
    t =     7.07s     Check for interrupting elements affecting "experience.exit" Button
    t =     7.09s     Synthesize event
    t =     7.47s     Wait for local.aibou.gamelab to idle
    t =     7.47s Checking existence of `"ex.game.circuit-atelier" Any`
    t =     7.49s Find the "ex.game.circuit-atelier" Any
    t =     7.53s Find the "ex.game.circuit-atelier" Button
    t =     7.55s Get all elements bound by index for: Elements matching predicate 'identifier BEGINSWITH "ex.game."'
    t =     7.58s Find the Button (Element at index 0)
    t =     7.61s Find the Button (Element at index 1)
    t =     7.63s Find the Button (Element at index 2)
    t =     7.65s Find the Button (Element at index 3)
    t =     7.67s Checking existence of `"experience.exit" Any`
    t =     7.71s Checking existence of `"ex.game.memory-switch" Any`
    t =     7.72s Find the "ex.game.memory-switch" Any
    t =     7.74s Click "ex.game.memory-switch" Button
    t =     7.74s     Wait for local.aibou.gamelab to idle
    t =     7.75s     Find the "ex.game.memory-switch" Button
    t =     7.76s     Check for interrupting elements affecting "ex.game.memory-switch" Button
    t =     7.77s     Synthesize event
    t =     8.14s     Wait for local.aibou.gamelab to idle
    t =     8.15s Checking existence of `"ex.entry.start" Any`
    t =     8.16s Find the "ex.entry.start" Any
    t =     8.18s Click "ex.entry.start" Button
    t =     8.18s     Wait for local.aibou.gamelab to idle
    t =     8.18s     Find the "ex.entry.start" Button
    t =     8.19s     Check for interrupting elements affecting "ex.entry.start" Button
    t =     8.21s     Synthesize event
    t =     8.58s     Wait for local.aibou.gamelab to idle
    t =     8.58s Checking existence of `"experience.exit" Any`
    t =     8.59s Find the "experience.exit" Any
    t =     8.61s Find the "experience.exit" Button
    t =     8.63s Checking existence of `"ex.entry.start" Any`
    t =     8.69s Checking existence of `"ex.lab" Any`
    t =     8.74s Checking existence of `"lesson.lab" Any`
    t =     8.78s Checking existence of `Button (First Match)`
    t =     8.81s Click "experience.exit" Button
    t =     8.81s     Wait for local.aibou.gamelab to idle
    t =     8.81s     Find the "experience.exit" Button
    t =     8.83s     Check for interrupting elements affecting "experience.exit" Button
    t =     8.87s     Synthesize event
    t =     9.21s     Wait for local.aibou.gamelab to idle
    t =     9.22s Checking existence of `"ex.game.memory-switch" Any`
    t =     9.22s Find the "ex.game.memory-switch" Any
    t =     9.25s Find the "ex.game.memory-switch" Button
    t =     9.27s Get all elements bound by index for: Elements matching predicate 'identifier BEGINSWITH "ex.game."'
    t =     9.29s Find the Button (Element at index 0)
    t =     9.31s Find the Button (Element at index 1)
    t =     9.34s Find the Button (Element at index 2)
    t =     9.36s Find the Button (Element at index 3)
    t =     9.38s Checking existence of `"experience.exit" Any`
    t =     9.42s Checking existence of `"ex.game.tiny-switch-workshop" Any`
    t =     9.43s Find the "ex.game.tiny-switch-workshop" Any
    t =     9.45s Click "ex.game.tiny-switch-workshop" Button
    t =     9.45s     Wait for local.aibou.gamelab to idle
    t =     9.46s     Find the "ex.game.tiny-switch-workshop" Button
    t =     9.46s     Check for interrupting elements affecting "ex.game.tiny-switch-workshop" Button
    t =     9.48s     Synthesize event
    t =     9.82s     Wait for local.aibou.gamelab to idle
    t =     9.82s Checking existence of `"ex.entry.start" Any`
    t =     9.83s Find the "ex.entry.start" Any
    t =     9.85s Click "ex.entry.start" Button
    t =     9.85s     Wait for local.aibou.gamelab to idle
    t =     9.86s     Find the "ex.entry.start" Button
    t =     9.87s     Check for interrupting elements affecting "ex.entry.start" Button
    t =     9.89s     Synthesize event
    t =    10.26s     Wait for local.aibou.gamelab to idle
    t =    10.27s Checking existence of `"experience.exit" Any`
    t =    10.27s Find the "experience.exit" Any
    t =    10.30s Find the "experience.exit" Button
    t =    10.31s Checking existence of `"ex.entry.start" Any`
    t =    10.36s Checking existence of `"ex.lab" Any`
    t =    10.41s Checking existence of `"lesson.lab" Any`
    t =    10.45s Checking existence of `Button (First Match)`
    t =    10.49s Click "experience.exit" Button
    t =    10.49s     Wait for local.aibou.gamelab to idle
    t =    10.49s     Find the "experience.exit" Button
    t =    10.50s     Check for interrupting elements affecting "experience.exit" Button
    t =    10.62s     Synthesize event
    t =    11.05s     Wait for local.aibou.gamelab to idle
    t =    11.05s Checking existence of `"ex.game.tiny-switch-workshop" Any`
    t =    11.06s Find the "ex.game.tiny-switch-workshop" Any
    t =    11.09s Find the "ex.game.tiny-switch-workshop" Button
    t =    11.12s Get all elements bound by index for: Elements matching predicate 'identifier BEGINSWITH "ex.game."'
    t =    11.15s Find the Button (Element at index 0)
    t =    11.17s Find the Button (Element at index 1)
    t =    11.20s Find the Button (Element at index 2)
    t =    11.22s Find the Button (Element at index 3)
    t =    11.24s Checking existence of `"experience.exit" Any`
    t =    11.28s Checking existence of `"ex.back" Any`
    t =    11.29s Find the "ex.back" Any
    t =    11.31s Click "ex.back" Button
    t =    11.31s     Wait for local.aibou.gamelab to idle
    t =    11.32s     Find the "ex.back" Button
    t =    11.32s     Check for interrupting elements affecting "ex.back" Button
    t =    11.35s     Synthesize event
    t =    11.74s     Wait for local.aibou.gamelab to idle
    t =    11.74s Checking existence of `"ex.area.b" Any`
    t =    11.75s Find the "ex.area.b" Any
    t =    11.77s Click "ex.area.b" Button
    t =    11.77s     Wait for local.aibou.gamelab to idle
    t =    11.77s     Find the "ex.area.b" Button
    t =    11.78s     Check for interrupting elements affecting "ex.area.b" Button
    t =    11.81s     Synthesize event
    t =    12.17s     Wait for local.aibou.gamelab to idle
    t =    12.17s Checking existence of `"ex.game.instruction-atelier" Any`
    t =    12.18s Find the "ex.game.instruction-atelier" Any
    t =    12.20s Click "ex.game.instruction-atelier" Button
    t =    12.20s     Wait for local.aibou.gamelab to idle
    t =    12.21s     Find the "ex.game.instruction-atelier" Button
    t =    12.22s     Check for interrupting elements affecting "ex.game.instruction-atelier" Button
    t =    12.24s     Synthesize event
    t =    12.59s     Wait for local.aibou.gamelab to idle
    t =    12.60s Checking existence of `"ex.entry.start" Any`
    t =    12.61s Find the "ex.entry.start" Any
    t =    12.63s Click "ex.entry.start" Button
    t =    12.63s     Wait for local.aibou.gamelab to idle
    t =    12.63s     Find the "ex.entry.start" Button
    t =    12.64s     Check for interrupting elements affecting "ex.entry.start" Button
    t =    12.66s     Synthesize event
    t =    13.05s     Wait for local.aibou.gamelab to idle
    t =    13.06s Checking existence of `"experience.exit" Any`
    t =    13.07s Find the "experience.exit" Any
    t =    13.09s Find the "experience.exit" Button
    t =    13.11s Checking existence of `"ex.entry.start" Any`
    t =    13.18s Checking existence of `"ex.lab" Any`
    t =    13.23s Checking existence of `"lesson.lab" Any`
    t =    13.28s Checking existence of `Button (First Match)`
    t =    13.31s Click "experience.exit" Button
    t =    13.31s     Wait for local.aibou.gamelab to idle
    t =    13.31s     Find the "experience.exit" Button
    t =    13.32s     Check for interrupting elements affecting "experience.exit" Button
    t =    13.34s     Synthesize event
    t =    13.72s     Wait for local.aibou.gamelab to idle
    t =    13.72s Checking existence of `"ex.game.instruction-atelier" Any`
    t =    13.73s Find the "ex.game.instruction-atelier" Any
    t =    13.75s Find the "ex.game.instruction-atelier" Button
    t =    13.78s Get all elements bound by index for: Elements matching predicate 'identifier BEGINSWITH "ex.game."'
    t =    13.80s Find the Button (Element at index 0)
    t =    13.83s Find the Button (Element at index 1)
    t =    13.85s Find the Button (Element at index 2)
    t =    13.88s Find the Button (Element at index 3)
    t =    13.90s Checking existence of `"experience.exit" Any`
    t =    13.95s Checking existence of `"ex.game.work-dispatch" Any`
    t =    13.95s Find the "ex.game.work-dispatch" Any
    t =    13.97s Click "ex.game.work-dispatch" Button
    t =    13.97s     Wait for local.aibou.gamelab to idle
    t =    13.97s     Find the "ex.game.work-dispatch" Button
    t =    13.98s     Check for interrupting elements affecting "ex.game.work-dispatch" Button
    t =    14.00s     Synthesize event
    t =    14.34s     Wait for local.aibou.gamelab to idle
    t =    14.34s Checking existence of `"ex.entry.start" Any`
    t =    14.35s Find the "ex.entry.start" Any
    t =    14.37s Click "ex.entry.start" Button
    t =    14.37s     Wait for local.aibou.gamelab to idle
    t =    14.37s     Find the "ex.entry.start" Button
    t =    14.38s     Check for interrupting elements affecting "ex.entry.start" Button
    t =    14.40s     Synthesize event
    t =    14.78s     Wait for local.aibou.gamelab to idle
    t =    14.78s Checking existence of `"experience.exit" Any`
    t =    14.79s Find the "experience.exit" Any
    t =    14.81s Find the "experience.exit" Button
    t =    14.83s Checking existence of `"ex.entry.start" Any`
    t =    14.90s Checking existence of `"ex.lab" Any`
    t =    14.95s Checking existence of `"lesson.lab" Any`
    t =    15.00s Checking existence of `Button (First Match)`
    t =    15.03s Click "experience.exit" Button
    t =    15.03s     Wait for local.aibou.gamelab to idle
    t =    15.04s     Find the "experience.exit" Button
    t =    15.04s     Check for interrupting elements affecting "experience.exit" Button
    t =    15.07s     Synthesize event
    t =    15.44s     Wait for local.aibou.gamelab to idle
    t =    15.44s Checking existence of `"ex.game.work-dispatch" Any`
    t =    15.45s Find the "ex.game.work-dispatch" Any
    t =    15.47s Find the "ex.game.work-dispatch" Button
    t =    15.50s Get all elements bound by index for: Elements matching predicate 'identifier BEGINSWITH "ex.game."'
    t =    15.53s Find the Button (Element at index 0)
    t =    15.56s Find the Button (Element at index 1)
    t =    15.58s Find the Button (Element at index 2)
    t =    15.61s Find the Button (Element at index 3)
    t =    15.64s Checking existence of `"experience.exit" Any`
    t =    15.68s Checking existence of `"ex.game.parallel-factory" Any`
    t =    15.69s Find the "ex.game.parallel-factory" Any
    t =    15.71s Click "ex.game.parallel-factory" Button
    t =    15.71s     Wait for local.aibou.gamelab to idle
    t =    15.71s     Find the "ex.game.parallel-factory" Button
    t =    15.72s     Check for interrupting elements affecting "ex.game.parallel-factory" Button
    t =    15.74s     Synthesize event
    t =    16.14s     Wait for local.aibou.gamelab to idle
    t =    16.14s Checking existence of `"ex.entry.start" Any`
    t =    16.15s Find the "ex.entry.start" Any
    t =    16.17s Click "ex.entry.start" Button
    t =    16.17s     Wait for local.aibou.gamelab to idle
    t =    16.17s     Find the "ex.entry.start" Button
    t =    16.18s     Check for interrupting elements affecting "ex.entry.start" Button
    t =    16.21s     Synthesize event
    t =    16.60s     Wait for local.aibou.gamelab to idle
    t =    16.60s Checking existence of `"experience.exit" Any`
    t =    16.61s Find the "experience.exit" Any
    t =    16.64s Find the "experience.exit" Button
    t =    16.66s Checking existence of `"ex.entry.start" Any`
    t =    16.73s Checking existence of `"ex.lab" Any`
    t =    16.77s Checking existence of `"lesson.lab" Any`
    t =    16.82s Checking existence of `Button (First Match)`
    t =    16.85s Click "experience.exit" Button
    t =    16.85s     Wait for local.aibou.gamelab to idle
    t =    16.85s     Find the "experience.exit" Button
    t =    16.86s     Check for interrupting elements affecting "experience.exit" Button
    t =    16.88s     Synthesize event
    t =    17.24s     Wait for local.aibou.gamelab to idle
    t =    17.24s Checking existence of `"ex.game.parallel-factory" Any`
    t =    17.25s Find the "ex.game.parallel-factory" Any
    t =    17.29s Find the "ex.game.parallel-factory" Button
    t =    17.32s Get all elements bound by index for: Elements matching predicate 'identifier BEGINSWITH "ex.game."'
    t =    17.35s Find the Button (Element at index 0)
    t =    17.37s Find the Button (Element at index 1)
    t =    17.40s Find the Button (Element at index 2)
    t =    17.42s Find the Button (Element at index 3)
    t =    17.46s Checking existence of `"experience.exit" Any`
    t =    17.50s Checking existence of `"ex.game.pixel-factory" Any`
    t =    17.51s Find the "ex.game.pixel-factory" Any
    t =    17.53s Click "ex.game.pixel-factory" Button
    t =    17.53s     Wait for local.aibou.gamelab to idle
    t =    17.53s     Find the "ex.game.pixel-factory" Button
    t =    17.54s     Check for interrupting elements affecting "ex.game.pixel-factory" Button
    t =    17.56s     Synthesize event
    t =    17.93s     Wait for local.aibou.gamelab to idle
    t =    17.93s Checking existence of `"ex.entry.start" Any`
    t =    17.94s Find the "ex.entry.start" Any
    t =    17.96s Click "ex.entry.start" Button
    t =    17.96s     Wait for local.aibou.gamelab to idle
    t =    17.97s     Find the "ex.entry.start" Button
    t =    17.98s     Check for interrupting elements affecting "ex.entry.start" Button
    t =    18.01s     Synthesize event
    t =    18.41s     Wait for local.aibou.gamelab to idle
    t =    18.41s Checking existence of `"experience.exit" Any`
    t =    18.42s Find the "experience.exit" Any
    t =    18.44s Find the "experience.exit" Button
    t =    18.45s Checking existence of `"ex.entry.start" Any`
    t =    18.52s Checking existence of `"ex.lab" Any`
    t =    18.57s Checking existence of `"lesson.lab" Any`
    t =    18.62s Checking existence of `Button (First Match)`
    t =    18.65s Click "experience.exit" Button
    t =    18.65s     Wait for local.aibou.gamelab to idle
    t =    18.66s     Find the "experience.exit" Button
    t =    18.67s     Check for interrupting elements affecting "experience.exit" Button
    t =    18.68s     Synthesize event
    t =    19.06s     Wait for local.aibou.gamelab to idle
    t =    19.07s Checking existence of `"ex.game.pixel-factory" Any`
    t =    19.08s Find the "ex.game.pixel-factory" Any
    t =    19.13s Find the "ex.game.pixel-factory" Button
    t =    19.16s Get all elements bound by index for: Elements matching predicate 'identifier BEGINSWITH "ex.game."'
    t =    19.19s Find the Button (Element at index 0)
    t =    19.21s Find the Button (Element at index 1)
    t =    19.24s Find the Button (Element at index 2)
    t =    19.26s Find the Button (Element at index 3)
    t =    19.29s Checking existence of `"experience.exit" Any`
    t =    19.33s Checking existence of `"ex.back" Any`
    t =    19.34s Find the "ex.back" Any
    t =    19.36s Click "ex.back" Button
    t =    19.36s     Wait for local.aibou.gamelab to idle
    t =    19.36s     Find the "ex.back" Button
    t =    19.37s     Check for interrupting elements affecting "ex.back" Button
    t =    19.39s     Synthesize event
    t =    19.77s     Wait for local.aibou.gamelab to idle
    t =    19.77s Checking existence of `"ex.area.c" Any`
    t =    19.78s Find the "ex.area.c" Any
    t =    19.80s Click "ex.area.c" Button
    t =    19.80s     Wait for local.aibou.gamelab to idle
    t =    19.80s     Find the "ex.area.c" Button
    t =    19.81s     Check for interrupting elements affecting "ex.area.c" Button
    t =    19.84s     Synthesize event
    t =    20.23s     Wait for local.aibou.gamelab to idle
    t =    20.24s Checking existence of `"ex.game.memory-dock" Any`
    t =    20.25s Find the "ex.game.memory-dock" Any
    t =    20.27s Click "ex.game.memory-dock" Button
    t =    20.27s     Wait for local.aibou.gamelab to idle
    t =    20.27s     Find the "ex.game.memory-dock" Button
    t =    20.28s     Check for interrupting elements affecting "ex.game.memory-dock" Button
    t =    20.29s     Synthesize event
    t =    20.71s     Wait for local.aibou.gamelab to idle
    t =    20.71s Checking existence of `"ex.entry.start" Any`
    t =    20.72s Find the "ex.entry.start" Any
    t =    20.75s Click "ex.entry.start" Button
    t =    20.75s     Wait for local.aibou.gamelab to idle
    t =    20.75s     Find the "ex.entry.start" Button
    t =    20.76s     Check for interrupting elements affecting "ex.entry.start" Button
    t =    20.79s     Synthesize event
    t =    21.18s     Wait for local.aibou.gamelab to idle
    t =    21.19s Checking existence of `"experience.exit" Any`
    t =    21.20s Find the "experience.exit" Any
    t =    21.23s Find the "experience.exit" Button
    t =    21.24s Checking existence of `"ex.entry.start" Any`
    t =    21.29s Checking existence of `"ex.lab" Any`
    t =    21.34s Checking existence of `"lesson.lab" Any`
    t =    21.39s Checking existence of `Button (First Match)`
    t =    21.42s Click "experience.exit" Button
    t =    21.42s     Wait for local.aibou.gamelab to idle
    t =    21.42s     Find the "experience.exit" Button
    t =    21.43s     Check for interrupting elements affecting "experience.exit" Button
    t =    21.45s     Synthesize event
    t =    21.82s     Wait for local.aibou.gamelab to idle
    t =    21.82s Checking existence of `"ex.game.memory-dock" Any`
    t =    21.84s Find the "ex.game.memory-dock" Any
    t =    21.86s Find the "ex.game.memory-dock" Button
    t =    21.89s Get all elements bound by index for: Elements matching predicate 'identifier BEGINSWITH "ex.game."'
    t =    21.91s Find the Button (Element at index 0)
    t =    21.94s Find the Button (Element at index 1)
    t =    21.97s Find the Button (Element at index 2)
    t =    21.99s Find the Button (Element at index 3)
    t =    22.02s Checking existence of `"experience.exit" Any`
    t =    22.06s Checking existence of `"ex.game.cache-delivery" Any`
    t =    22.06s Find the "ex.game.cache-delivery" Any
    t =    22.08s Click "ex.game.cache-delivery" Button
    t =    22.08s     Wait for local.aibou.gamelab to idle
    t =    22.09s     Find the "ex.game.cache-delivery" Button
    t =    22.09s     Check for interrupting elements affecting "ex.game.cache-delivery" Button
    t =    22.12s     Synthesize event
    t =    22.47s     Wait for local.aibou.gamelab to idle
    t =    22.47s Checking existence of `"ex.entry.start" Any`
    t =    22.48s Find the "ex.entry.start" Any
    t =    22.50s Click "ex.entry.start" Button
    t =    22.50s     Wait for local.aibou.gamelab to idle
    t =    22.50s     Find the "ex.entry.start" Button
    t =    22.51s     Check for interrupting elements affecting "ex.entry.start" Button
    t =    22.54s     Synthesize event
    t =    22.93s     Wait for local.aibou.gamelab to idle
    t =    22.94s Checking existence of `"experience.exit" Any`
    t =    22.95s Find the "experience.exit" Any
    t =    22.97s Find the "experience.exit" Button
    t =    23.09s Checking existence of `"ex.entry.start" Any`
    t =    23.15s Checking existence of `"ex.lab" Any`
    t =    23.19s Checking existence of `"lesson.lab" Any`
    t =    23.24s Checking existence of `Button (First Match)`
    t =    23.27s Click "experience.exit" Button
    t =    23.27s     Wait for local.aibou.gamelab to idle
    t =    23.27s     Find the "experience.exit" Button
    t =    23.29s     Check for interrupting elements affecting "experience.exit" Button
    t =    23.30s     Synthesize event
    t =    23.68s     Wait for local.aibou.gamelab to idle
    t =    23.68s Checking existence of `"ex.game.cache-delivery" Any`
    t =    23.69s Find the "ex.game.cache-delivery" Any
    t =    23.73s Find the "ex.game.cache-delivery" Button
    t =    23.86s Get all elements bound by index for: Elements matching predicate 'identifier BEGINSWITH "ex.game."'
    t =    23.88s Find the Button (Element at index 0)
    t =    23.91s Find the Button (Element at index 1)
    t =    23.93s Find the Button (Element at index 2)
    t =    23.96s Find the Button (Element at index 3)
    t =    23.98s Checking existence of `"experience.exit" Any`
    t =    24.02s Checking existence of `"ex.game.memory-rescue" Any`
    t =    24.03s Find the "ex.game.memory-rescue" Any
    t =    24.05s Click "ex.game.memory-rescue" Button
    t =    24.05s     Wait for local.aibou.gamelab to idle
    t =    24.06s     Find the "ex.game.memory-rescue" Button
    t =    24.07s     Check for interrupting elements affecting "ex.game.memory-rescue" Button
    t =    24.09s     Synthesize event
    t =    24.45s     Wait for local.aibou.gamelab to idle
    t =    24.45s Checking existence of `"ex.entry.start" Any`
    t =    24.46s Find the "ex.entry.start" Any
    t =    24.49s Click "ex.entry.start" Button
    t =    24.49s     Wait for local.aibou.gamelab to idle
    t =    24.49s     Find the "ex.entry.start" Button
    t =    24.50s     Check for interrupting elements affecting "ex.entry.start" Button
    t =    24.52s     Synthesize event
    t =    24.91s     Wait for local.aibou.gamelab to idle
    t =    24.92s Checking existence of `"experience.exit" Any`
    t =    24.93s Find the "experience.exit" Any
    t =    24.94s Find the "experience.exit" Button
    t =    24.96s Checking existence of `"ex.entry.start" Any`
    t =    25.02s Checking existence of `"ex.lab" Any`
    t =    25.08s Checking existence of `"lesson.lab" Any`
    t =    25.12s Checking existence of `Button (First Match)`
    t =    25.15s Click "experience.exit" Button
    t =    25.16s     Wait for local.aibou.gamelab to idle
    t =    25.16s     Find the "experience.exit" Button
    t =    25.17s     Check for interrupting elements affecting "experience.exit" Button
    t =    25.18s     Synthesize event
    t =    25.56s     Wait for local.aibou.gamelab to idle
    t =    25.56s Checking existence of `"ex.game.memory-rescue" Any`
    t =    25.57s Find the "ex.game.memory-rescue" Any
    t =    25.59s Find the "ex.game.memory-rescue" Button
    t =    25.61s Get all elements bound by index for: Elements matching predicate 'identifier BEGINSWITH "ex.game."'
    t =    25.64s Find the Button (Element at index 0)
    t =    25.67s Find the Button (Element at index 1)
    t =    25.70s Find the Button (Element at index 2)
    t =    25.72s Find the Button (Element at index 3)
    t =    25.74s Checking existence of `"experience.exit" Any`
    t =    25.78s Checking existence of `"ex.game.storage-warehouse" Any`
    t =    25.78s Find the "ex.game.storage-warehouse" Any
    t =    25.80s Click "ex.game.storage-warehouse" Button
    t =    25.81s     Wait for local.aibou.gamelab to idle
    t =    25.81s     Find the "ex.game.storage-warehouse" Button
    t =    25.82s     Check for interrupting elements affecting "ex.game.storage-warehouse" Button
    t =    25.83s     Synthesize event
    t =    26.19s     Wait for local.aibou.gamelab to idle
    t =    26.19s Checking existence of `"ex.entry.start" Any`
    t =    26.20s Find the "ex.entry.start" Any
    t =    26.24s Click "ex.entry.start" Button
    t =    26.24s     Wait for local.aibou.gamelab to idle
    t =    26.24s     Find the "ex.entry.start" Button
    t =    26.25s     Check for interrupting elements affecting "ex.entry.start" Button
    t =    26.27s     Synthesize event
    t =    26.66s     Wait for local.aibou.gamelab to idle
    t =    26.67s Checking existence of `"experience.exit" Any`
    t =    26.68s Find the "experience.exit" Any
    t =    26.70s Find the "experience.exit" Button
    t =    26.72s Checking existence of `"ex.entry.start" Any`
    t =    26.79s Checking existence of `"ex.lab" Any`
    t =    26.83s Checking existence of `"lesson.lab" Any`
    t =    26.89s Checking existence of `Button (First Match)`
    t =    26.92s Click "experience.exit" Button
    t =    26.92s     Wait for local.aibou.gamelab to idle
    t =    26.92s     Find the "experience.exit" Button
    t =    26.93s     Check for interrupting elements affecting "experience.exit" Button
    t =    26.94s     Synthesize event
    t =    27.31s     Wait for local.aibou.gamelab to idle
    t =    27.31s Checking existence of `"ex.game.storage-warehouse" Any`
    t =    27.32s Find the "ex.game.storage-warehouse" Any
    t =    27.35s Find the "ex.game.storage-warehouse" Button
    t =    27.38s Get all elements bound by index for: Elements matching predicate 'identifier BEGINSWITH "ex.game."'
    t =    27.40s Find the Button (Element at index 0)
    t =    27.42s Find the Button (Element at index 1)
    t =    27.44s Find the Button (Element at index 2)
    t =    27.47s Find the Button (Element at index 3)
    t =    27.49s Checking existence of `"experience.exit" Any`
    t =    27.53s Checking existence of `"ex.back" Any`
    t =    27.54s Find the "ex.back" Any
    t =    27.56s Click "ex.back" Button
    t =    27.57s     Wait for local.aibou.gamelab to idle
    t =    27.57s     Find the "ex.back" Button
    t =    27.58s     Check for interrupting elements affecting "ex.back" Button
    t =    27.59s     Synthesize event
    t =    27.97s     Wait for local.aibou.gamelab to idle
    t =    27.97s Checking existence of `"ex.area.d" Any`
    t =    27.98s Find the "ex.area.d" Any
    t =    28.00s Click "ex.area.d" Button
    t =    28.00s     Wait for local.aibou.gamelab to idle
    t =    28.00s     Find the "ex.area.d" Button
    t =    28.01s     Check for interrupting elements affecting "ex.area.d" Button
    t =    28.03s     Synthesize event
    t =    28.44s     Wait for local.aibou.gamelab to idle
    t =    28.45s Checking existence of `"ex.game.display-studio" Any`
    t =    28.45s Find the "ex.game.display-studio" Any
    t =    28.47s Click "ex.game.display-studio" Button
    t =    28.47s     Wait for local.aibou.gamelab to idle
    t =    28.48s     Find the "ex.game.display-studio" Button
    t =    28.49s     Check for interrupting elements affecting "ex.game.display-studio" Button
    t =    28.51s     Synthesize event
    t =    28.85s     Wait for local.aibou.gamelab to idle
    t =    28.85s Checking existence of `"ex.entry.start" Any`
    t =    28.86s Find the "ex.entry.start" Any
    t =    28.88s Click "ex.entry.start" Button
    t =    28.88s     Wait for local.aibou.gamelab to idle
    t =    28.88s     Find the "ex.entry.start" Button
    t =    28.89s     Check for interrupting elements affecting "ex.entry.start" Button
    t =    28.91s     Synthesize event
    t =    29.32s     Wait for local.aibou.gamelab to idle
    t =    29.32s Checking existence of `"experience.exit" Any`
    t =    29.33s Find the "experience.exit" Any
    t =    29.35s Find the "experience.exit" Button
    t =    29.36s Checking existence of `"ex.entry.start" Any`
    t =    29.43s Checking existence of `"ex.lab" Any`
    t =    29.47s Checking existence of `"lesson.lab" Any`
    t =    29.52s Checking existence of `Button (First Match)`
    t =    29.55s Click "experience.exit" Button
    t =    29.55s     Wait for local.aibou.gamelab to idle
    t =    29.56s     Find the "experience.exit" Button
    t =    29.57s     Check for interrupting elements affecting "experience.exit" Button
    t =    29.58s     Synthesize event
    t =    29.96s     Wait for local.aibou.gamelab to idle
    t =    29.97s Checking existence of `"ex.game.display-studio" Any`
    t =    29.98s Find the "ex.game.display-studio" Any
    t =    30.04s Find the "ex.game.display-studio" Button
    t =    30.07s Get all elements bound by index for: Elements matching predicate 'identifier BEGINSWITH "ex.game."'
    t =    30.11s Find the Button (Element at index 0)
    t =    30.14s Find the Button (Element at index 1)
    t =    30.16s Find the Button (Element at index 2)
    t =    30.17s Find the Button (Element at index 3)
    t =    30.20s Checking existence of `"experience.exit" Any`
    t =    30.24s Checking existence of `"ex.game.packet-express" Any`
    t =    30.24s Find the "ex.game.packet-express" Any
    t =    30.27s Click "ex.game.packet-express" Button
    t =    30.27s     Wait for local.aibou.gamelab to idle
    t =    30.27s     Find the "ex.game.packet-express" Button
    t =    30.28s     Check for interrupting elements affecting "ex.game.packet-express" Button
    t =    30.29s     Synthesize event
    t =    30.64s     Wait for local.aibou.gamelab to idle
    t =    30.64s Checking existence of `"ex.entry.start" Any`
    t =    30.66s Find the "ex.entry.start" Any
    t =    30.67s Click "ex.entry.start" Button
    t =    30.67s     Wait for local.aibou.gamelab to idle
    t =    30.68s     Find the "ex.entry.start" Button
    t =    30.69s     Check for interrupting elements affecting "ex.entry.start" Button
    t =    30.71s     Synthesize event
    t =    31.09s     Wait for local.aibou.gamelab to idle
    t =    31.10s Checking existence of `"experience.exit" Any`
    t =    31.11s Find the "experience.exit" Any
    t =    31.14s Find the "experience.exit" Button
    t =    31.15s Checking existence of `"ex.entry.start" Any`
    t =    31.22s Checking existence of `"ex.lab" Any`
    t =    31.27s Checking existence of `"lesson.lab" Any`
    t =    31.32s Checking existence of `Button (First Match)`
    t =    31.35s Click "experience.exit" Button
    t =    31.35s     Wait for local.aibou.gamelab to idle
    t =    31.35s     Find the "experience.exit" Button
    t =    31.36s     Check for interrupting elements affecting "experience.exit" Button
    t =    31.38s     Synthesize event
    t =    31.74s     Wait for local.aibou.gamelab to idle
    t =    31.74s Checking existence of `"ex.game.packet-express" Any`
    t =    31.76s Find the "ex.game.packet-express" Any
    t =    31.79s Find the "ex.game.packet-express" Button
    t =    31.82s Get all elements bound by index for: Elements matching predicate 'identifier BEGINSWITH "ex.game."'
    t =    31.85s Find the Button (Element at index 0)
    t =    31.87s Find the Button (Element at index 1)
    t =    31.90s Find the Button (Element at index 2)
    t =    31.92s Find the Button (Element at index 3)
    t =    31.95s Checking existence of `"experience.exit" Any`
    t =    31.99s Checking existence of `"ex.game.board-town" Any`
    t =    32.00s Find the "ex.game.board-town" Any
    t =    32.02s Click "ex.game.board-town" Button
    t =    32.02s     Wait for local.aibou.gamelab to idle
    t =    32.03s     Find the "ex.game.board-town" Button
    t =    32.04s     Check for interrupting elements affecting "ex.game.board-town" Button
    t =    32.05s     Synthesize event
    t =    32.40s     Wait for local.aibou.gamelab to idle
    t =    32.40s Checking existence of `"ex.entry.start" Any`
    t =    32.41s Find the "ex.entry.start" Any
    t =    32.43s Click "ex.entry.start" Button
    t =    32.43s     Wait for local.aibou.gamelab to idle
    t =    32.43s     Find the "ex.entry.start" Button
    t =    32.44s     Check for interrupting elements affecting "ex.entry.start" Button
    t =    32.46s     Synthesize event
    t =    32.85s     Wait for local.aibou.gamelab to idle
    t =    32.85s Checking existence of `"experience.exit" Any`
    t =    32.86s Find the "experience.exit" Any
    t =    32.88s Find the "experience.exit" Button
    t =    32.89s Checking existence of `"ex.entry.start" Any`
    t =    32.98s Checking existence of `"ex.lab" Any`
    t =    33.02s Checking existence of `"lesson.lab" Any`
    t =    33.07s Checking existence of `Button (First Match)`
    t =    33.10s Click "experience.exit" Button
    t =    33.10s     Wait for local.aibou.gamelab to idle
    t =    33.11s     Find the "experience.exit" Button
    t =    33.12s     Check for interrupting elements affecting "experience.exit" Button
    t =    33.13s     Synthesize event
    t =    33.51s     Wait for local.aibou.gamelab to idle
    t =    33.51s Checking existence of `"ex.game.board-town" Any`
    t =    33.52s Find the "ex.game.board-town" Any
    t =    33.54s Find the "ex.game.board-town" Button
    t =    33.56s Get all elements bound by index for: Elements matching predicate 'identifier BEGINSWITH "ex.game."'
    t =    33.58s Find the Button (Element at index 0)
    t =    33.61s Find the Button (Element at index 1)
    t =    33.63s Find the Button (Element at index 2)
    t =    33.67s Find the Button (Element at index 3)
    t =    33.69s Checking existence of `"experience.exit" Any`
    t =    33.73s Checking existence of `"ex.game.connection-lab" Any`
    t =    33.73s Find the "ex.game.connection-lab" Any
    t =    33.75s Click "ex.game.connection-lab" Button
    t =    33.75s     Wait for local.aibou.gamelab to idle
    t =    33.75s     Find the "ex.game.connection-lab" Button
    t =    33.76s     Check for interrupting elements affecting "ex.game.connection-lab" Button
    t =    33.78s     Synthesize event
    t =    34.12s     Wait for local.aibou.gamelab to idle
    t =    34.12s Checking existence of `"ex.entry.start" Any`
    t =    34.13s Find the "ex.entry.start" Any
    t =    34.15s Click "ex.entry.start" Button
    t =    34.15s     Wait for local.aibou.gamelab to idle
    t =    34.16s     Find the "ex.entry.start" Button
    t =    34.17s     Check for interrupting elements affecting "ex.entry.start" Button
    t =    34.19s     Synthesize event
    t =    34.56s     Wait for local.aibou.gamelab to idle
    t =    34.56s Checking existence of `"experience.exit" Any`
    t =    34.57s Find the "experience.exit" Any
    t =    34.59s Find the "experience.exit" Button
    t =    34.61s Checking existence of `"ex.entry.start" Any`
    t =    34.67s Checking existence of `"ex.lab" Any`
    t =    34.72s Checking existence of `"lesson.lab" Any`
    t =    34.77s Checking existence of `Button (First Match)`
    t =    34.80s Click "experience.exit" Button
    t =    34.80s     Wait for local.aibou.gamelab to idle
    t =    34.81s     Find the "experience.exit" Button
    t =    34.82s     Check for interrupting elements affecting "experience.exit" Button
    t =    34.83s     Synthesize event
    t =    35.21s     Wait for local.aibou.gamelab to idle
    t =    35.21s Checking existence of `"ex.game.connection-lab" Any`
    t =    35.22s Find the "ex.game.connection-lab" Any
    t =    35.24s Find the "ex.game.connection-lab" Button
    t =    35.27s Get all elements bound by index for: Elements matching predicate 'identifier BEGINSWITH "ex.game."'
    t =    35.30s Find the Button (Element at index 0)
    t =    35.33s Find the Button (Element at index 1)
    t =    35.35s Find the Button (Element at index 2)
    t =    35.38s Find the Button (Element at index 3)
    t =    35.40s Checking existence of `"experience.exit" Any`
    t =    35.44s Checking existence of `"ex.back" Any`
    t =    35.45s Find the "ex.back" Any
    t =    35.47s Click "ex.back" Button
    t =    35.47s     Wait for local.aibou.gamelab to idle
    t =    35.47s     Find the "ex.back" Button
    t =    35.48s     Check for interrupting elements affecting "ex.back" Button
    t =    35.51s     Synthesize event
    t =    35.89s     Wait for local.aibou.gamelab to idle
    t =    35.89s Checking existence of `"ex.area.e" Any`
    t =    35.90s Find the "ex.area.e" Any
    t =    35.92s Click "ex.area.e" Button
    t =    35.92s     Wait for local.aibou.gamelab to idle
    t =    35.92s     Find the "ex.area.e" Button
    t =    35.93s     Check for interrupting elements affecting "ex.area.e" Button
    t =    35.96s     Synthesize event
    t =    36.39s     Wait for local.aibou.gamelab to idle
    t =    36.40s Checking existence of `"ex.game.pc-day" Any`
    t =    36.41s Find the "ex.game.pc-day" Any
    t =    36.44s Click "ex.game.pc-day" Button
    t =    36.44s     Wait for local.aibou.gamelab to idle
    t =    36.44s     Find the "ex.game.pc-day" Button
    t =    36.45s     Check for interrupting elements affecting "ex.game.pc-day" Button
    t =    36.47s     Synthesize event
    t =    36.83s     Wait for local.aibou.gamelab to idle
    t =    36.83s Checking existence of `"ex.entry.start" Any`
    t =    36.84s Find the "ex.entry.start" Any
    t =    36.86s Click "ex.entry.start" Button
    t =    36.86s     Wait for local.aibou.gamelab to idle
    t =    36.87s     Find the "ex.entry.start" Button
    t =    36.88s     Check for interrupting elements affecting "ex.entry.start" Button
    t =    36.91s     Synthesize event
    t =    37.31s     Wait for local.aibou.gamelab to idle
    t =    37.31s Checking existence of `"experience.exit" Any`
    t =    37.32s Find the "experience.exit" Any
    t =    37.34s Find the "experience.exit" Button
    t =    37.35s Checking existence of `"ex.entry.start" Any`
    t =    37.44s Checking existence of `"ex.lab" Any`
    t =    37.48s Checking existence of `"lesson.lab" Any`
    t =    37.53s Checking existence of `Button (First Match)`
    t =    37.57s Click "experience.exit" Button
    t =    37.57s     Wait for local.aibou.gamelab to idle
    t =    37.57s     Find the "experience.exit" Button
    t =    37.58s     Check for interrupting elements affecting "experience.exit" Button
    t =    37.59s     Synthesize event
    t =    37.97s     Wait for local.aibou.gamelab to idle
    t =    37.97s Checking existence of `"ex.game.pc-day" Any`
    t =    37.98s Find the "ex.game.pc-day" Any
    t =    38.02s Find the "ex.game.pc-day" Button
    t =    38.05s Get all elements bound by index for: Elements matching predicate 'identifier BEGINSWITH "ex.game."'
    t =    38.07s Find the Button (Element at index 0)
    t =    38.10s Find the Button (Element at index 1)
    t =    38.12s Find the Button (Element at index 2)
    t =    38.15s Find the Button (Element at index 3)
    t =    38.18s Checking existence of `"experience.exit" Any`
    t =    38.22s Checking existence of `"ex.game.battery-voyage" Any`
    t =    38.22s Find the "ex.game.battery-voyage" Any
    t =    38.25s Click "ex.game.battery-voyage" Button
    t =    38.25s     Wait for local.aibou.gamelab to idle
    t =    38.25s     Find the "ex.game.battery-voyage" Button
    t =    38.26s     Check for interrupting elements affecting "ex.game.battery-voyage" Button
    t =    38.28s     Synthesize event
    t =    38.69s     Wait for local.aibou.gamelab to idle
    t =    38.69s Checking existence of `"ex.entry.start" Any`
    t =    38.71s Find the "ex.entry.start" Any
    t =    38.73s Click "ex.entry.start" Button
    t =    38.73s     Wait for local.aibou.gamelab to idle
    t =    38.73s     Find the "ex.entry.start" Button
    t =    38.74s     Check for interrupting elements affecting "ex.entry.start" Button
    t =    38.77s     Synthesize event
    t =    39.16s     Wait for local.aibou.gamelab to idle
    t =    39.16s Checking existence of `"experience.exit" Any`
    t =    39.17s Find the "experience.exit" Any
    t =    39.19s Find the "experience.exit" Button
    t =    39.21s Checking existence of `"ex.entry.start" Any`
    t =    39.27s Checking existence of `"ex.lab" Any`
    t =    39.31s Checking existence of `"lesson.lab" Any`
    t =    39.37s Checking existence of `Button (First Match)`
    t =    39.40s Click "experience.exit" Button
    t =    39.40s     Wait for local.aibou.gamelab to idle
    t =    39.40s     Find the "experience.exit" Button
    t =    39.41s     Check for interrupting elements affecting "experience.exit" Button
    t =    39.43s     Synthesize event
    t =    39.79s     Wait for local.aibou.gamelab to idle
    t =    39.79s Checking existence of `"ex.game.battery-voyage" Any`
    t =    39.80s Find the "ex.game.battery-voyage" Any
    t =    39.83s Find the "ex.game.battery-voyage" Button
    t =    39.86s Get all elements bound by index for: Elements matching predicate 'identifier BEGINSWITH "ex.game."'
    t =    39.88s Find the Button (Element at index 0)
    t =    39.91s Find the Button (Element at index 1)
    t =    39.93s Find the Button (Element at index 2)
    t =    39.96s Find the Button (Element at index 3)
    t =    39.98s Checking existence of `"experience.exit" Any`
    t =    40.02s Checking existence of `"ex.game.cooling-workshop" Any`
    t =    40.03s Find the "ex.game.cooling-workshop" Any
    t =    40.05s Click "ex.game.cooling-workshop" Button
    t =    40.05s     Wait for local.aibou.gamelab to idle
    t =    40.05s     Find the "ex.game.cooling-workshop" Button
    t =    40.06s     Check for interrupting elements affecting "ex.game.cooling-workshop" Button
    t =    40.08s     Synthesize event
    t =    40.45s     Wait for local.aibou.gamelab to idle
    t =    40.45s Checking existence of `"ex.entry.start" Any`
    t =    40.46s Find the "ex.entry.start" Any
    t =    40.48s Click "ex.entry.start" Button
    t =    40.48s     Wait for local.aibou.gamelab to idle
    t =    40.48s     Find the "ex.entry.start" Button
    t =    40.49s     Check for interrupting elements affecting "ex.entry.start" Button
    t =    40.52s     Synthesize event
    t =    40.92s     Wait for local.aibou.gamelab to idle
    t =    40.93s Checking existence of `"experience.exit" Any`
    t =    40.94s Find the "experience.exit" Any
    t =    40.96s Find the "experience.exit" Button
    t =    40.97s Checking existence of `"ex.entry.start" Any`
    t =    41.04s Checking existence of `"ex.lab" Any`
    t =    41.09s Checking existence of `"lesson.lab" Any`
    t =    41.14s Checking existence of `Button (First Match)`
    t =    41.16s Click "experience.exit" Button
    t =    41.16s     Wait for local.aibou.gamelab to idle
    t =    41.17s     Find the "experience.exit" Button
    t =    41.18s     Check for interrupting elements affecting "experience.exit" Button
    t =    41.19s     Synthesize event
    t =    41.57s     Wait for local.aibou.gamelab to idle
    t =    41.58s Checking existence of `"ex.game.cooling-workshop" Any`
    t =    41.58s Find the "ex.game.cooling-workshop" Any
    t =    41.61s Find the "ex.game.cooling-workshop" Button
    t =    41.64s Get all elements bound by index for: Elements matching predicate 'identifier BEGINSWITH "ex.game."'
    t =    41.68s Find the Button (Element at index 0)
    t =    41.71s Find the Button (Element at index 1)
    t =    41.73s Find the Button (Element at index 2)
    t =    41.76s Find the Button (Element at index 3)
    t =    41.78s Checking existence of `"experience.exit" Any`
    t =    41.81s Checking existence of `"ex.game.bottleneck-detective" Any`
    t =    41.82s Find the "ex.game.bottleneck-detective" Any
    t =    41.85s Click "ex.game.bottleneck-detective" Button
    t =    41.85s     Wait for local.aibou.gamelab to idle
    t =    41.85s     Find the "ex.game.bottleneck-detective" Button
    t =    41.86s     Check for interrupting elements affecting "ex.game.bottleneck-detective" Button
    t =    41.88s     Synthesize event
    t =    42.23s     Wait for local.aibou.gamelab to idle
    t =    42.23s Checking existence of `"ex.entry.start" Any`
    t =    42.24s Find the "ex.entry.start" Any
    t =    42.26s Click "ex.entry.start" Button
    t =    42.26s     Wait for local.aibou.gamelab to idle
    t =    42.27s     Find the "ex.entry.start" Button
    t =    42.28s     Check for interrupting elements affecting "ex.entry.start" Button
    t =    42.31s     Synthesize event
    t =    42.70s     Wait for local.aibou.gamelab to idle
    t =    42.70s Checking existence of `"experience.exit" Any`
    t =    42.71s Find the "experience.exit" Any
    t =    42.73s Find the "experience.exit" Button
    t =    42.75s Checking existence of `"ex.entry.start" Any`
    t =    42.82s Checking existence of `"ex.lab" Any`
    t =    42.87s Checking existence of `"lesson.lab" Any`
    t =    42.91s Checking existence of `Button (First Match)`
    t =    42.94s Click "experience.exit" Button
    t =    42.94s     Wait for local.aibou.gamelab to idle
    t =    42.95s     Find the "experience.exit" Button
    t =    42.96s     Check for interrupting elements affecting "experience.exit" Button
    t =    42.97s     Synthesize event
    t =    43.32s     Wait for local.aibou.gamelab to idle
    t =    43.33s Checking existence of `"ex.game.bottleneck-detective" Any`
    t =    43.34s Find the "ex.game.bottleneck-detective" Any
    t =    43.36s Find the "ex.game.bottleneck-detective" Button
    t =    43.38s Get all elements bound by index for: Elements matching predicate 'identifier BEGINSWITH "ex.game."'
    t =    43.41s Find the Button (Element at index 0)
    t =    43.43s Find the Button (Element at index 1)
    t =    43.45s Find the Button (Element at index 2)
    t =    43.48s Find the Button (Element at index 3)
    t =    43.50s Checking existence of `"experience.exit" Any`
    t =    43.54s Checking existence of `"ex.back" Any`
    t =    43.55s Find the "ex.back" Any
    t =    43.57s Click "ex.back" Button
    t =    43.57s     Wait for local.aibou.gamelab to idle
    t =    43.57s     Find the "ex.back" Button
    t =    43.58s     Check for interrupting elements affecting "ex.back" Button
    t =    43.59s     Synthesize event
    t =    43.97s     Wait for local.aibou.gamelab to idle
    t =    43.99s Tear Down
    t =    43.99s     Checking existence of `Window (First Match)`
    t =    44.35s     Checking existence of `Window (First Match)`
    t =    44.36s     Find the Window (First Match)
    t =    44.52s     Added attachment named '-[ExhibitionUITests testAllTwentyGamesStartAndReturnToTheirRoomWithoutLabControls]'
    t =    44.52s     Terminate local.aibou.gamelab:75791
Test Case '-[AIBOUGameLabUITests.ExhibitionUITests testAllTwentyGamesStartAndReturnToTheirRoomWithoutLabControls]' passed (45.892 seconds).
Test Case '-[AIBOUGameLabUITests.ExhibitionUITests testCompactWindowKeepsAllDoorsAndMapEntrancesOperable]' started.
    t =     0.00s Start Test at 2026-09-15 13:28:36.979
    t =     0.12s Set Up
    t =     0.12s     Open local.aibou.gamelab
    t =     0.12s         Launch local.aibou.gamelab
    t =     0.20s             Wait for accessibility to load
    t =     0.51s             Setting up automation session
    t =     0.51s             Wait for local.aibou.gamelab to idle
    t =     0.52s     Open local.aibou.gamelab
    t =     0.52s         Activate local.aibou.gamelab
    t =     0.54s             Wait for local.aibou.gamelab to idle
    t =     0.54s     Wait for local.aibou.gamelab to become Running Foreground
    t =     0.54s     Checking existence of `Window (First Match)`
    t =     0.56s     Waiting 15.0s for Window (First Match) to exist
    t =     1.58s         Checking `Expect predicate `existsNoRetry == 1` for object Window (First Match)`
    t =     1.58s             Checking existence of `Window (First Match)`
    t =     1.59s Find the Window (First Match)
    t =     1.61s Click and drag from "SwiftUI._ConditionalContent<AIBOUGameLab.CircuitLabView, AIBOUGameLab.ExhibitionAppView>-1-AppWindow-1" Window[1.00, 1.00] -> (-1.0, -1.0) to "SwiftUI._ConditionalContent<AIBOUGameLab.CircuitLabView, AIBOUGameLab.ExhibitionAppView>-1-AppWindow-1" Window[0.00, 0.00] -> (1099.0, 769.0) with velocity of 500.00 pixels per second, and then hold for 0.0 seconds
    t =     1.61s     Wait for local.aibou.gamelab to idle
    t =     1.61s     Find the "SwiftUI._ConditionalContent<AIBOUGameLab.CircuitLabView, AIBOUGameLab.ExhibitionAppView>-1-AppWindow-1" Window
    t =     1.62s     Check for interrupting elements affecting "SwiftUI._ConditionalContent<AIBOUGameLab.CircuitLabView, AIBOUGameLab.ExhibitionAppView>-1-AppWindow-1" Window
    t =     1.67s     Synthesize event
    t =     1.67s         Find the "SwiftUI._ConditionalContent<AIBOUGameLab.CircuitLabView, AIBOUGameLab.ExhibitionAppView>-1-AppWindow-1" Window
    t =     1.68s         Find the "SwiftUI._ConditionalContent<AIBOUGameLab.CircuitLabView, AIBOUGameLab.ExhibitionAppView>-1-AppWindow-1" Window
    t =     1.70s         Find the "SwiftUI._ConditionalContent<AIBOUGameLab.CircuitLabView, AIBOUGameLab.ExhibitionAppView>-1-AppWindow-1" Window
    t =     1.82s         Find the "SwiftUI._ConditionalContent<AIBOUGameLab.CircuitLabView, AIBOUGameLab.ExhibitionAppView>-1-AppWindow-1" Window
    t =     3.06s     Wait for local.aibou.gamelab to idle
    t =     4.09s Checking `Expect predicate `BLOCKPREDICATE(0xc3b46e6d0)` for object "SwiftUI._ConditionalContent<AIBOUGameLab.CircuitLabView, AIBOUGameLab.ExhibitionAppView>-1-AppWindow-1" Window`
    t =     4.09s     Find the "SwiftUI._ConditionalContent<AIBOUGameLab.CircuitLabView, AIBOUGameLab.ExhibitionAppView>-1-AppWindow-1" Window
    t =     4.10s     Find the "SwiftUI._ConditionalContent<AIBOUGameLab.CircuitLabView, AIBOUGameLab.ExhibitionAppView>-1-AppWindow-1" Window
    t =     4.11s Find the "SwiftUI._ConditionalContent<AIBOUGameLab.CircuitLabView, AIBOUGameLab.ExhibitionAppView>-1-AppWindow-1" Window
    t =     4.12s Added attachment named 'exhibition-compact-window-dimensions'
    t =     4.12s Checking existence of `"ex.area.a" Any`
    t =     4.13s Find the "ex.area.a" Any
    t =     4.17s Find the "ex.area.a" Button
    t =     4.20s Find the "ex.area.a" Button
    t =     4.21s Checking existence of `"ex.area.b" Any`
    t =     4.22s Find the "ex.area.b" Any
    t =     4.24s Find the "ex.area.b" Button
    t =     4.26s Find the "ex.area.b" Button
    t =     4.27s Checking existence of `"ex.area.c" Any`
    t =     4.28s Find the "ex.area.c" Any
    t =     4.29s Find the "ex.area.c" Button
    t =     4.31s Find the "ex.area.c" Button
    t =     4.32s Checking existence of `"ex.area.d" Any`
    t =     4.33s Find the "ex.area.d" Any
    t =     4.34s Find the "ex.area.d" Button
    t =     4.36s Find the "ex.area.d" Button
    t =     4.37s Checking existence of `"ex.area.e" Any`
    t =     4.38s Find the "ex.area.e" Any
    t =     4.40s Find the "ex.area.e" Button
    t =     4.41s Find the "ex.area.e" Button
    t =     4.42s Get number of matches for: Descendants matching type ScrollView
    t =     4.86s Checking existence of `Window (First Match)`
    t =     4.86s Find the Window (First Match)
    t =     4.99s Added attachment named 'exhibition-compact-lobby'
    t =     4.99s Checking existence of `"ex.map" Any`
    t =     5.00s Find the "ex.map" Any
    t =     5.01s Click "ex.map" Button
    t =     5.01s     Wait for local.aibou.gamelab to idle
    t =     5.01s     Find the "ex.map" Button
    t =     5.01s     Check for interrupting elements affecting "ex.map" Button
    t =     5.03s     Synthesize event
    t =     5.43s     Wait for local.aibou.gamelab to idle
    t =     5.43s Get number of matches for: Elements matching predicate 'identifier BEGINSWITH "ex.game."'
    t =     5.46s Checking existence of `"ex.game.bit-art" Any`
    t =     5.46s Find the "ex.game.bit-art" Any
    t =     5.48s Find the "ex.game.bit-art" Button
    t =     5.52s Find the "SwiftUI._ConditionalContent<AIBOUGameLab.CircuitLabView, AIBOUGameLab.ExhibitionAppView>-1-AppWindow-1" Window
    t =     5.53s Find the "ex.game.bit-art" Button
    t =     5.55s Checking existence of `"ex.game.circuit-atelier" Any`
    t =     5.55s Find the "ex.game.circuit-atelier" Any
    t =     5.58s Find the "ex.game.circuit-atelier" Button
    t =     5.70s Find the "SwiftUI._ConditionalContent<AIBOUGameLab.CircuitLabView, AIBOUGameLab.ExhibitionAppView>-1-AppWindow-1" Window
    t =     5.71s Find the "ex.game.circuit-atelier" Button
    t =     5.72s Checking existence of `"ex.game.memory-switch" Any`
    t =     5.74s Find the "ex.game.memory-switch" Any
    t =     5.75s Find the "ex.game.memory-switch" Button
    t =     5.77s Find the "SwiftUI._ConditionalContent<AIBOUGameLab.CircuitLabView, AIBOUGameLab.ExhibitionAppView>-1-AppWindow-1" Window
    t =     5.78s Find the "ex.game.memory-switch" Button
    t =     5.78s Checking existence of `"ex.game.tiny-switch-workshop" Any`
    t =     5.80s Find the "ex.game.tiny-switch-workshop" Any
    t =     5.81s Find the "ex.game.tiny-switch-workshop" Button
    t =     5.84s Find the "SwiftUI._ConditionalContent<AIBOUGameLab.CircuitLabView, AIBOUGameLab.ExhibitionAppView>-1-AppWindow-1" Window
    t =     5.84s Find the "ex.game.tiny-switch-workshop" Button
    t =     5.85s Checking existence of `"ex.game.instruction-atelier" Any`
    t =     5.85s Find the "ex.game.instruction-atelier" Any
    t =     5.87s Find the "ex.game.instruction-atelier" Button
    t =     5.89s Find the "SwiftUI._ConditionalContent<AIBOUGameLab.CircuitLabView, AIBOUGameLab.ExhibitionAppView>-1-AppWindow-1" Window
    t =     5.89s Find the "ex.game.instruction-atelier" Button
    t =     5.90s Checking existence of `"ex.game.work-dispatch" Any`
    t =     5.90s Find the "ex.game.work-dispatch" Any
    t =     5.92s Find the "ex.game.work-dispatch" Button
    t =     5.94s Find the "SwiftUI._ConditionalContent<AIBOUGameLab.CircuitLabView, AIBOUGameLab.ExhibitionAppView>-1-AppWindow-1" Window
    t =     5.94s Find the "ex.game.work-dispatch" Button
    t =     5.95s Checking existence of `"ex.game.parallel-factory" Any`
    t =     5.96s Find the "ex.game.parallel-factory" Any
    t =     5.98s Find the "ex.game.parallel-factory" Button
    t =     6.01s Find the "SwiftUI._ConditionalContent<AIBOUGameLab.CircuitLabView, AIBOUGameLab.ExhibitionAppView>-1-AppWindow-1" Window
    t =     6.02s Find the "ex.game.parallel-factory" Button
    t =     6.03s Checking existence of `"ex.game.pixel-factory" Any`
    t =     6.03s Find the "ex.game.pixel-factory" Any
    t =     6.06s Find the "ex.game.pixel-factory" Button
    t =     6.08s Find the "SwiftUI._ConditionalContent<AIBOUGameLab.CircuitLabView, AIBOUGameLab.ExhibitionAppView>-1-AppWindow-1" Window
    t =     6.08s Find the "ex.game.pixel-factory" Button
    t =     6.10s Checking existence of `"ex.game.memory-dock" Any`
    t =     6.10s Find the "ex.game.memory-dock" Any
    t =     6.12s Find the "ex.game.memory-dock" Button
    t =     6.14s Find the "SwiftUI._ConditionalContent<AIBOUGameLab.CircuitLabView, AIBOUGameLab.ExhibitionAppView>-1-AppWindow-1" Window
    t =     6.15s Find the "ex.game.memory-dock" Button
    t =     6.16s Checking existence of `"ex.game.cache-delivery" Any`
    t =     6.17s Find the "ex.game.cache-delivery" Any
    t =     6.19s Find the "ex.game.cache-delivery" Button
    t =     6.21s Find the "SwiftUI._ConditionalContent<AIBOUGameLab.CircuitLabView, AIBOUGameLab.ExhibitionAppView>-1-AppWindow-1" Window
    t =     6.22s Find the "ex.game.cache-delivery" Button
    t =     6.23s Checking existence of `"ex.game.memory-rescue" Any`
    t =     6.24s Find the "ex.game.memory-rescue" Any
    t =     6.26s Find the "ex.game.memory-rescue" Button
    t =     6.29s Find the "SwiftUI._ConditionalContent<AIBOUGameLab.CircuitLabView, AIBOUGameLab.ExhibitionAppView>-1-AppWindow-1" Window
    t =     6.29s Find the "ex.game.memory-rescue" Button
    t =     6.30s Checking existence of `"ex.game.storage-warehouse" Any`
    t =     6.31s Find the "ex.game.storage-warehouse" Any
    t =     6.33s Find the "ex.game.storage-warehouse" Button
    t =     6.47s Find the "SwiftUI._ConditionalContent<AIBOUGameLab.CircuitLabView, AIBOUGameLab.ExhibitionAppView>-1-AppWindow-1" Window
    t =     6.47s Find the "ex.game.storage-warehouse" Button
    t =     6.49s Checking existence of `"ex.game.display-studio" Any`
    t =     6.50s Find the "ex.game.display-studio" Any
    t =     6.52s Find the "ex.game.display-studio" Button
    t =     6.55s Find the "SwiftUI._ConditionalContent<AIBOUGameLab.CircuitLabView, AIBOUGameLab.ExhibitionAppView>-1-AppWindow-1" Window
    t =     6.56s Find the "ex.game.display-studio" Button
    t =     6.57s Checking existence of `"ex.game.packet-express" Any`
    t =     6.58s Find the "ex.game.packet-express" Any
    t =     6.60s Find the "ex.game.packet-express" Button
    t =     6.62s Find the "SwiftUI._ConditionalContent<AIBOUGameLab.CircuitLabView, AIBOUGameLab.ExhibitionAppView>-1-AppWindow-1" Window
    t =     6.63s Find the "ex.game.packet-express" Button
    t =     6.64s Checking existence of `"ex.game.board-town" Any`
    t =     6.65s Find the "ex.game.board-town" Any
    t =     6.67s Find the "ex.game.board-town" Button
    t =     6.69s Find the "SwiftUI._ConditionalContent<AIBOUGameLab.CircuitLabView, AIBOUGameLab.ExhibitionAppView>-1-AppWindow-1" Window
    t =     6.70s Find the "ex.game.board-town" Button
    t =     6.71s Checking existence of `"ex.game.connection-lab" Any`
    t =     6.72s Find the "ex.game.connection-lab" Any
    t =     6.75s Find the "ex.game.connection-lab" Button
    t =     6.78s Find the "SwiftUI._ConditionalContent<AIBOUGameLab.CircuitLabView, AIBOUGameLab.ExhibitionAppView>-1-AppWindow-1" Window
    t =     6.78s Find the "ex.game.connection-lab" Button
    t =     6.80s Checking existence of `"ex.game.pc-day" Any`
    t =     6.81s Find the "ex.game.pc-day" Any
    t =     6.83s Find the "ex.game.pc-day" Button
    t =     6.86s Find the "SwiftUI._ConditionalContent<AIBOUGameLab.CircuitLabView, AIBOUGameLab.ExhibitionAppView>-1-AppWindow-1" Window
    t =     6.87s Find the "ex.game.pc-day" Button
    t =     6.88s Checking existence of `"ex.game.battery-voyage" Any`
    t =     6.89s Find the "ex.game.battery-voyage" Any
    t =     6.91s Find the "ex.game.battery-voyage" Button
    t =     6.94s Find the "SwiftUI._ConditionalContent<AIBOUGameLab.CircuitLabView, AIBOUGameLab.ExhibitionAppView>-1-AppWindow-1" Window
    t =     6.94s Find the "ex.game.battery-voyage" Button
    t =     6.96s Checking existence of `"ex.game.cooling-workshop" Any`
    t =     6.96s Find the "ex.game.cooling-workshop" Any
    t =     6.98s Find the "ex.game.cooling-workshop" Button
    t =     7.01s Find the "SwiftUI._ConditionalContent<AIBOUGameLab.CircuitLabView, AIBOUGameLab.ExhibitionAppView>-1-AppWindow-1" Window
    t =     7.02s Find the "ex.game.cooling-workshop" Button
    t =     7.03s Checking existence of `"ex.game.bottleneck-detective" Any`
    t =     7.05s Find the "ex.game.bottleneck-detective" Any
    t =     7.07s Find the "ex.game.bottleneck-detective" Button
    t =     7.10s Find the "SwiftUI._ConditionalContent<AIBOUGameLab.CircuitLabView, AIBOUGameLab.ExhibitionAppView>-1-AppWindow-1" Window
    t =     7.11s Find the "ex.game.bottleneck-detective" Button
    t =     7.12s Checking existence of `"ex.map.close" Any`
    t =     7.14s Find the "ex.map.close" Any
    t =     7.16s Find the "ex.map.close" Button
    t =     7.18s Get number of matches for: Descendants matching type ScrollView
    t =     7.58s Checking existence of `Window (First Match)`
    t =     7.58s Find the Window (First Match)
    t =     7.66s Added attachment named 'exhibition-compact-map'
    t =     7.66s Tear Down
    t =     7.66s     Checking existence of `Window (First Match)`
    t =     8.02s     Checking existence of `Window (First Match)`
    t =     8.03s     Find the Window (First Match)
    t =     8.11s     Added attachment named '-[ExhibitionUITests testCompactWindowKeepsAllDoorsAndMapEntrancesOperable]'
    t =     8.11s     Terminate local.aibou.gamelab:75854
Test Case '-[AIBOUGameLabUITests.ExhibitionUITests testCompactWindowKeepsAllDoorsAndMapEntrancesOperable]' passed (9.217 seconds).
Test Case '-[AIBOUGameLabUITests.ExhibitionUITests testGirlOpensLessonsAndAllTwentyExperimentsComplete]' started.
    t =     0.00s Start Test at 2026-09-15 13:28:46.196
    t =     0.13s Set Up
    t =     0.13s     Open local.aibou.gamelab
    t =     0.13s         Launch local.aibou.gamelab
    t =     0.21s             Wait for accessibility to load
    t =     0.50s             Setting up automation session
    t =     0.50s             Wait for local.aibou.gamelab to idle
    t =     0.51s     Open local.aibou.gamelab
    t =     0.51s         Activate local.aibou.gamelab
    t =     0.51s             Wait for local.aibou.gamelab to idle
    t =     0.51s     Wait for local.aibou.gamelab to become Running Foreground
    t =     0.51s     Checking existence of `Window (First Match)`
    t =     0.53s     Waiting 15.0s for Window (First Match) to exist
    t =     1.56s         Checking `Expect predicate `existsNoRetry == 1` for object Window (First Match)`
    t =     1.56s             Checking existence of `Window (First Match)`
    t =     1.58s Waiting 5.0s for "ex.lobby.lessons" Button to exist
    t =     2.59s     Checking `Expect predicate `existsNoRetry == 1` for object "ex.lobby.lessons" Button`
    t =     2.59s         Checking existence of `"ex.lobby.lessons" Button`
    t =     2.68s         Capturing element debug description
    t =     3.59s     Checking `Expect predicate `existsNoRetry == 1` for object "ex.lobby.lessons" Button`
    t =     3.60s         Checking existence of `"ex.lobby.lessons" Button`
    t =     3.64s         Capturing element debug description
    t =     4.65s     Checking `Expect predicate `existsNoRetry == 1` for object "ex.lobby.lessons" Button`
    t =     4.65s         Checking existence of `"ex.lobby.lessons" Button`
    t =     4.70s         Capturing element debug description
    t =     5.61s     Checking `Expect predicate `existsNoRetry == 1` for object "ex.lobby.lessons" Button`
    t =     5.61s         Checking existence of `"ex.lobby.lessons" Button`
    t =     5.65s         Capturing element debug description
    t =     6.58s     Checking `Expect predicate `existsNoRetry == 1` for object "ex.lobby.lessons" Button`
    t =     6.58s         Checking existence of `"ex.lobby.lessons" Button`
    t =     6.62s         Capturing element debug description
    t =     6.62s     Checking existence of `"ex.lobby.lessons" Button`
    t =     6.66s Collecting debug information to assist test failure triage
    t =     6.66s     Requesting snapshot of accessibility hierarchy for app with pid 75883
/Users/fujishima/aibou-learning-verification/isolated/game-lab/UITests/GameLabUITests.swift:577: error: -[AIBOUGameLabUITests.ExhibitionUITests testGirlOpensLessonsAndAllTwentyExperimentsComplete] : XCTAssertTrue failed
    t =     6.78s Tear Down
    t =     6.78s     Checking existence of `Window (First Match)`
    t =     7.14s     Checking existence of `Window (First Match)`
    t =     7.15s     Find the Window (First Match)
    t =     7.29s     Added attachment named '-[ExhibitionUITests testGirlOpensLessonsAndAllTwentyExperimentsComplete]'
    t =     7.29s     Terminate local.aibou.gamelab:75883
Test Case '-[AIBOUGameLabUITests.ExhibitionUITests testGirlOpensLessonsAndAllTwentyExperimentsComplete]' failed (8.383 seconds).
Test Case '-[AIBOUGameLabUITests.ExhibitionUITests testLobbyAnimationPauseAndNavigation]' started.
    t =     0.00s Start Test at 2026-09-15 13:28:54.579
    t =     0.12s Set Up
    t =     0.12s     Open local.aibou.gamelab
    t =     0.12s         Launch local.aibou.gamelab
    t =     0.20s             Wait for accessibility to load
    t =     0.46s             Setting up automation session
    t =     0.47s             Wait for local.aibou.gamelab to idle
    t =     0.47s     Open local.aibou.gamelab
    t =     0.48s         Activate local.aibou.gamelab
    t =     0.48s             Wait for local.aibou.gamelab to idle
    t =     0.48s     Wait for local.aibou.gamelab to become Running Foreground
    t =     0.48s     Checking existence of `Window (First Match)`
    t =     0.50s     Waiting 15.0s for Window (First Match) to exist
    t =     1.52s         Checking `Expect predicate `existsNoRetry == 1` for object Window (First Match)`
    t =     1.52s             Checking existence of `Window (First Match)`
    t =     1.53s Checking existence of `"ex.lobby.motion" Any`
    t =     1.55s Find the "ex.lobby.motion" Any
    t =     1.57s Find the "ex.lobby.motion" Button
    t =     1.58s Find the "ex.lobby.motion" Button
    t =     1.59s Click "ex.lobby.motion" Button
    t =     1.59s     Wait for local.aibou.gamelab to idle
    t =     1.59s     Find the "ex.lobby.motion" Button
    t =     1.60s     Check for interrupting elements affecting "ex.lobby.motion" Button
    t =     1.64s     Synthesize event
    t =     1.98s     Wait for local.aibou.gamelab to idle
    t =     1.98s Checking existence of `"ex.lobby.motion" Any`
    t =     1.99s Find the "ex.lobby.motion" Any
    t =     2.01s Find the "ex.lobby.motion" Button
    t =     2.02s Find the "ex.lobby.motion" Button
    t =     2.43s Checking existence of `Window (First Match)`
    t =     2.44s Find the Window (First Match)
    t =     3.00s Checking existence of `Window (First Match)`
    t =     3.01s Find the Window (First Match)
    t =     3.15s Checking existence of `"ex.lobby.motion" Any`
    t =     3.16s Find the "ex.lobby.motion" Any
    t =     3.17s Click "ex.lobby.motion" Button
    t =     3.17s     Wait for local.aibou.gamelab to idle
    t =     3.17s     Find the "ex.lobby.motion" Button
    t =     3.18s     Check for interrupting elements affecting "ex.lobby.motion" Button
    t =     3.20s     Synthesize event
    t =     3.53s     Wait for local.aibou.gamelab to idle
    t =     3.54s Checking existence of `"ex.lobby.motion" Any`
    t =     3.55s Find the "ex.lobby.motion" Any
    t =     3.57s Find the "ex.lobby.motion" Button
    t =     3.57s Find the "ex.lobby.motion" Button
    t =     3.99s Checking existence of `Window (First Match)`
    t =     4.00s Find the Window (First Match)
    t =     4.15s Checking existence of `Window (First Match)`
    t =     4.15s Find the Window (First Match)
    t =     4.31s Checking existence of `Window (First Match)`
    t =     4.32s Find the Window (First Match)
    t =     4.47s Checking existence of `Window (First Match)`
    t =     4.47s Find the Window (First Match)
    t =     4.63s Checking existence of `Window (First Match)`
    t =     4.64s Find the Window (First Match)
    t =     4.80s Checking existence of `Window (First Match)`
    t =     4.81s Find the Window (First Match)
    t =     5.29s Checking existence of `Window (First Match)`
    t =     5.29s Find the Window (First Match)
    t =     5.43s Added attachment named 'lobby-motion-running'
    t =     5.43s Checking existence of `"ex.area.a" Any`
    t =     5.45s Find the "ex.area.a" Any
    t =     5.47s Find the "ex.area.a" Button
    t =     5.51s Checking existence of `"ex.area.b" Any`
    t =     5.52s Find the "ex.area.b" Any
    t =     5.53s Find the "ex.area.b" Button
    t =     5.55s Checking existence of `"ex.area.c" Any`
    t =     5.56s Find the "ex.area.c" Any
    t =     5.57s Find the "ex.area.c" Button
    t =     5.59s Checking existence of `"ex.area.d" Any`
    t =     5.60s Find the "ex.area.d" Any
    t =     5.62s Find the "ex.area.d" Button
    t =     5.63s Checking existence of `"ex.area.e" Any`
    t =     5.65s Find the "ex.area.e" Any
    t =     5.67s Find the "ex.area.e" Button
    t =     5.69s Checking existence of `"ex.map" Any`
    t =     5.70s Find the "ex.map" Any
    t =     5.72s Click "ex.map" Button
    t =     5.72s     Wait for local.aibou.gamelab to idle
    t =     5.73s     Find the "ex.map" Button
    t =     5.74s     Check for interrupting elements affecting "ex.map" Button
    t =     5.76s     Synthesize event
    t =     6.23s     Wait for local.aibou.gamelab to idle
    t =     6.23s Get number of matches for: Elements matching predicate 'identifier BEGINSWITH "ex.game."'
    t =     6.30s Checking existence of `"ex.map.close" Any`
    t =     6.31s Find the "ex.map.close" Any
    t =     6.33s Click "ex.map.close" Button
    t =     6.33s     Wait for local.aibou.gamelab to idle
    t =     6.33s     Find the "ex.map.close" Button
    t =     6.33s     Check for interrupting elements affecting "ex.map.close" Button
    t =     6.38s     Synthesize event
    t =     6.72s     Wait for local.aibou.gamelab to idle
    t =     6.73s Checking existence of `"ex.lobby.motion" Any`
    t =     6.73s Find the "ex.lobby.motion" Any
    t =     6.76s Find the "ex.lobby.motion" Button
    t =     6.77s Find the "ex.lobby.motion" Button
    t =     6.78s Checking existence of `"ex.area.a" Any`
    t =     6.79s Find the "ex.area.a" Any
    t =     6.82s Click "ex.area.a" Button
    t =     6.82s     Wait for local.aibou.gamelab to idle
    t =     6.83s     Find the "ex.area.a" Button
    t =     6.84s     Check for interrupting elements affecting "ex.area.a" Button
    t =     6.86s     Synthesize event
    t =     7.28s     Wait for local.aibou.gamelab to idle
    t =     7.28s Checking existence of `"ex.lobby.motion" Any`
    t =     7.32s Checking existence of `"ex.back" Any`
    t =     7.33s Find the "ex.back" Any
    t =     7.35s Click "ex.back" Button
    t =     7.35s     Wait for local.aibou.gamelab to idle
    t =     7.35s     Find the "ex.back" Button
    t =     7.36s     Check for interrupting elements affecting "ex.back" Button
    t =     7.38s     Synthesize event
    t =     7.76s     Wait for local.aibou.gamelab to idle
    t =     7.76s Checking existence of `"ex.lobby.motion" Any`
    t =     7.77s Find the "ex.lobby.motion" Any
    t =     7.79s Find the "ex.lobby.motion" Button
    t =     7.82s Get number of matches for: Descendants matching type ScrollView
    t =     7.84s Tear Down
    t =     7.84s     Checking existence of `Window (First Match)`
    t =     8.20s     Checking existence of `Window (First Match)`
    t =     8.21s     Find the Window (First Match)
    t =     8.35s     Added attachment named '-[ExhibitionUITests testLobbyAnimationPauseAndNavigation]'
    t =     8.35s     Terminate local.aibou.gamelab:75887
Test Case '-[AIBOUGameLabUITests.ExhibitionUITests testLobbyAnimationPauseAndNavigation]' passed (9.459 seconds).
Test Case '-[AIBOUGameLabUITests.ExhibitionUITests testLobbyNarrationEndsWhenOpeningMap]' started.
    t =     0.00s Start Test at 2026-09-15 13:29:04.039
    t =     0.12s Set Up
    t =     0.12s     Open local.aibou.gamelab
    t =     0.12s         Launch local.aibou.gamelab
    t =     0.20s             Wait for accessibility to load
    t =     0.48s             Setting up automation session
    t =     0.49s             Wait for local.aibou.gamelab to idle
    t =     0.49s     Open local.aibou.gamelab
    t =     0.49s         Activate local.aibou.gamelab
    t =     0.50s             Wait for local.aibou.gamelab to idle
    t =     0.50s     Wait for local.aibou.gamelab to become Running Foreground
    t =     0.50s     Checking existence of `Window (First Match)`
    t =     0.52s     Waiting 15.0s for Window (First Match) to exist
    t =     1.52s         Checking `Expect predicate `existsNoRetry == 1` for object Window (First Match)`
    t =     1.52s             Checking existence of `Window (First Match)`
    t =     1.53s Checking existence of `"ex.guide.speak" Any`
    t =     1.55s Find the "ex.guide.speak" Any
    t =     1.58s Click "ex.guide.speak" Button
    t =     1.58s     Wait for local.aibou.gamelab to idle
    t =     1.58s     Find the "ex.guide.speak" Button
    t =     1.59s     Check for interrupting elements affecting "ex.guide.speak" Button
    t =     1.61s     Synthesize event
    t =     2.00s     Wait for local.aibou.gamelab to idle
    t =     2.01s Checking existence of `"ex.guide.speak" Any`
    t =     2.01s Find the "ex.guide.speak" Any
    t =     3.05s Checking `Expect predicate `label CONTAINS "音声を止める"` for object "ex.guide.speak" Button`
    t =     3.05s     Find the "ex.guide.speak" Button
    t =     3.41s Checking existence of `Window (First Match)`
    t =     3.42s Find the Window (First Match)
    t =     3.58s Added attachment named 'lobby-motion-narration'
    t =     3.58s Checking existence of `"ex.map" Any`
    t =     3.59s Find the "ex.map" Any
    t =     3.60s Click "ex.map" Button
    t =     3.60s     Wait for local.aibou.gamelab to idle
    t =     3.60s     Find the "ex.map" Button
    t =     3.61s     Check for interrupting elements affecting "ex.map" Button
    t =     3.62s     Synthesize event
    t =     4.04s     Wait for local.aibou.gamelab to idle
    t =     4.04s Checking existence of `"ex.map.close" Any`
    t =     4.05s Find the "ex.map.close" Any
    t =     4.08s Find the "ex.map.close" Button
    t =     4.10s Checking existence of `"ex.map.close" Any`
    t =     4.11s Find the "ex.map.close" Any
    t =     4.14s Click "ex.map.close" Button
    t =     4.14s     Wait for local.aibou.gamelab to idle
    t =     4.14s     Find the "ex.map.close" Button
    t =     4.15s     Check for interrupting elements affecting "ex.map.close" Button
    t =     4.16s     Synthesize event
    t =     4.51s     Wait for local.aibou.gamelab to idle
    t =     4.51s Checking existence of `"ex.guide.speak" Any`
    t =     4.52s Find the "ex.guide.speak" Any
    t =     4.56s Find the "ex.guide.speak" Button
    t =     4.57s Find the "ex.guide.speak" Button
    t =     4.58s Tear Down
    t =     4.58s     Checking existence of `Window (First Match)`
    t =     4.95s     Checking existence of `Window (First Match)`
    t =     4.95s     Find the Window (First Match)
    t =     5.10s     Added attachment named '-[ExhibitionUITests testLobbyNarrationEndsWhenOpeningMap]'
    t =     5.10s     Terminate local.aibou.gamelab:75897
Test Case '-[AIBOUGameLabUITests.ExhibitionUITests testLobbyNarrationEndsWhenOpeningMap]' passed (6.233 seconds).
Test Suite 'ExhibitionUITests' failed at 2026-09-15 13:29:10.272.
	 Executed 5 tests, with 1 failure (0 unexpected) in 79.183 (79.186) seconds
Test Suite 'WorkshopUITests' started at 2026-09-15 13:29:10.272.
Test Case '-[AIBOUGameLabUITests.WorkshopUITests testRelaunchResumesSavedCircuitAndInputState]' started.
    t =     0.00s Start Test at 2026-09-15 13:29:10.273
    t =     0.13s Set Up
    t =     0.13s     Open local.aibou.gamelab
    t =     0.13s         Launch local.aibou.gamelab
    t =     0.20s             Wait for accessibility to load
    t =     0.49s             Setting up automation session
    t =     0.49s             Wait for local.aibou.gamelab to idle
    t =     0.50s     Open local.aibou.gamelab
    t =     0.50s         Activate local.aibou.gamelab
    t =     0.50s             Wait for local.aibou.gamelab to idle
    t =     0.50s     Wait for local.aibou.gamelab to become Running Foreground
    t =     0.50s     Checking existence of `Window (First Match)`
    t =     0.53s     Waiting 15.0s for Window (First Match) to exist
    t =     1.54s         Checking `Expect predicate `existsNoRetry == 1` for object Window (First Match)`
    t =     1.54s             Checking existence of `Window (First Match)`
    t =     1.55s Checking existence of `"workshop.begin" Any`
    t =     1.58s Find the "workshop.begin" Any
    t =     1.61s Find the "workshop.begin" Button
    t =     1.62s Find the "workshop.begin" Button
    t =     1.64s Click "workshop.begin" Button
    t =     1.64s     Wait for local.aibou.gamelab to idle
    t =     1.64s     Find the "workshop.begin" Button
    t =     1.66s     Check for interrupting elements affecting "workshop.begin" Button
    t =     1.67s     Synthesize event
    t =     2.15s     Wait for local.aibou.gamelab to idle
    t =     2.16s Checking existence of `"w.phase" Any`
    t =     3.18s Checking `Expect predicate `value CONTAINS "作る" OR label CONTAINS "作る"` for object "w.phase" Any`
    t =     3.18s     Find the "w.phase" Any
    t =     3.21s     Find the "w.phase" Other
    t =     3.23s Checking existence of `"w.gate.or" Any`
    t =     3.24s Find the "w.gate.or" Any
    t =     3.27s Find the "w.gate.or" Button
    t =     3.30s Find the "w.gate.or" Button
    t =     3.32s Click "w.gate.or" Button
    t =     3.32s     Wait for local.aibou.gamelab to idle
    t =     3.32s     Find the "w.gate.or" Button
    t =     3.34s     Check for interrupting elements affecting "w.gate.or" Button
    t =     3.35s     Synthesize event
    t =     3.74s     Wait for local.aibou.gamelab to idle
    t =     3.74s Checking existence of `"w.link.a" Any`
    t =     3.75s Find the "w.link.a" Any
    t =     3.77s Find the "w.link.a" Button
    t =     3.79s Find the "w.link.a" Button
    t =     3.80s Click "w.link.a" Button
    t =     3.81s     Wait for local.aibou.gamelab to idle
    t =     3.81s     Find the "w.link.a" Button
    t =     3.81s     Check for interrupting elements affecting "w.link.a" Button
    t =     3.82s     Synthesize event
    t =     4.16s     Wait for local.aibou.gamelab to idle
    t =     4.16s Checking existence of `"w.link.b" Any`
    t =     4.18s Find the "w.link.b" Any
    t =     4.20s Find the "w.link.b" Button
    t =     4.22s Find the "w.link.b" Button
    t =     4.24s Click "w.link.b" Button
    t =     4.24s     Wait for local.aibou.gamelab to idle
    t =     4.24s     Find the "w.link.b" Button
    t =     4.25s     Check for interrupting elements affecting "w.link.b" Button
    t =     4.26s     Synthesize event
    t =     4.61s     Wait for local.aibou.gamelab to idle
    t =     4.61s Checking existence of `"w.link.output" Any`
    t =     4.63s Find the "w.link.output" Any
    t =     4.66s Find the "w.link.output" Button
    t =     4.67s Find the "w.link.output" Button
    t =     4.69s Click "w.link.output" Button
    t =     4.69s     Wait for local.aibou.gamelab to idle
    t =     4.69s     Find the "w.link.output" Button
    t =     4.71s     Check for interrupting elements affecting "w.link.output" Button
    t =     4.73s     Synthesize event
    t =     5.11s     Wait for local.aibou.gamelab to idle
    t =     5.11s Checking existence of `"w.phase" Any`
    t =     6.14s Checking `Expect predicate `value CONTAINS "観察する" OR label CONTAINS "観察する"` for object "w.phase" Any`
    t =     6.14s     Find the "w.phase" Any
    t =     6.17s     Find the "w.phase" Other
    t =     6.19s Checking existence of `"w.input.a" Any`
    t =     6.20s Find the "w.input.a" Any
    t =     6.22s Find the "w.input.a" Button
    t =     6.24s Find the "w.input.a" Button
    t =     6.26s Click "w.input.a" Button
    t =     6.26s     Wait for local.aibou.gamelab to idle
    t =     6.26s     Find the "w.input.a" Button
    t =     6.27s     Check for interrupting elements affecting "w.input.a" Button
    t =     6.27s     Synthesize event
    t =     6.64s     Wait for local.aibou.gamelab to idle
    t =     6.64s Checking existence of `"w.observe" Any`
    t =     6.66s Find the "w.observe" Any
    t =     6.71s Find the "w.observe" Button
    t =     6.76s Find the "w.observe" Button
    t =     6.79s Click "w.observe" Button
    t =     6.79s     Wait for local.aibou.gamelab to idle
    t =     6.81s     Find the "w.observe" Button
    t =     6.82s     Check for interrupting elements affecting "w.observe" Button
    t =     6.86s     Synthesize event
    t =     7.22s     Wait for local.aibou.gamelab to idle
    t =     7.23s Checking existence of `"w.lamp" Any`
    t =     8.26s Checking `Expect predicate `value CONTAINS "1" OR label CONTAINS "1"` for object "w.lamp" Any`
    t =     8.26s     Find the "w.lamp" Any
    t =     8.27s     Find the "w.lamp" Other
    t =     8.28s Checking existence of `"w.saveStatus" Any`
    t =     9.31s Checking `Expect predicate `value CONTAINS "保存済み" OR label CONTAINS "保存済み"` for object "w.saveStatus" Any`
    t =     9.31s     Find the "w.saveStatus" Any
    t =     9.34s     Find the "w.saveStatus" Other
    t =     9.35s Find the "w.slot" Any
    t =     9.36s Find the "w.slot" Other
    t =     9.38s Find the "w.lamp" Any
    t =     9.40s Find the "w.lamp" Other
    t =     9.42s Terminate local.aibou.gamelab:75923
    t =    10.50s Open local.aibou.gamelab
    t =    10.50s     Launch local.aibou.gamelab
    t =    10.59s         Wait for accessibility to load
    t =    10.83s         Setting up automation session
    t =    10.83s         Wait for local.aibou.gamelab to idle
    t =    10.84s Open local.aibou.gamelab
    t =    10.84s     Activate local.aibou.gamelab
    t =    10.84s         Wait for local.aibou.gamelab to idle
    t =    10.84s Wait for local.aibou.gamelab to become Running Foreground
    t =    10.84s Checking existence of `Window (First Match)`
    t =    10.86s Waiting 15.0s for Window (First Match) to exist
    t =    11.88s     Checking `Expect predicate `existsNoRetry == 1` for object Window (First Match)`
    t =    11.88s         Checking existence of `Window (First Match)`
    t =    11.89s Waiting 8.0s for "workshop.resume" Any to exist
    t =    12.90s     Checking `Expect predicate `existsNoRetry == 1` for object "workshop.resume" Any`
    t =    12.90s         Checking existence of `"workshop.resume" Any`
    t =    12.93s Checking existence of `Window (First Match)`
    t =    12.94s Find the Window (First Match)
    t =    13.13s Added attachment named 'workshop-resume-offer'
    t =    13.13s Checking existence of `"workshop.resume" Any`
    t =    13.14s Find the "workshop.resume" Any
    t =    13.16s Find the "workshop.resume" Button
    t =    13.18s Find the "workshop.resume" Button
    t =    13.19s Click "workshop.resume" Button
    t =    13.19s     Wait for local.aibou.gamelab to idle
    t =    13.19s     Find the "workshop.resume" Button
    t =    13.20s     Check for interrupting elements affecting "workshop.resume" Button
    t =    13.22s     Synthesize event
    t =    13.74s     Wait for local.aibou.gamelab to idle
    t =    13.74s Checking existence of `"w.phase" Any`
    t =    14.77s Checking `Expect predicate `value CONTAINS "観察する" OR label CONTAINS "観察する"` for object "w.phase" Any`
    t =    14.77s     Find the "w.phase" Any
    t =    14.79s     Find the "w.phase" Other
    t =    14.82s Find the "w.slot" Any
    t =    14.83s Find the "w.slot" Other
    t =    14.85s Find the "w.lamp" Any
    t =    14.86s Find the "w.lamp" Other
    t =    14.88s Checking existence of `"w.test" Any`
    t =    14.89s Find the "w.test" Any
    t =    14.93s Find the "w.test" Button
    t =    14.96s Find the "w.test" Button
    t =    14.97s Find the "w.test" Button
    t =    14.98s Checking existence of `Window (First Match)`
    t =    14.99s Find the Window (First Match)
    t =    15.19s Added attachment named 'workshop-resumed-board'
    t =    15.19s Tear Down
    t =    15.19s     Checking existence of `Window (First Match)`
    t =    15.20s     Checking existence of `Window (First Match)`
    t =    15.20s     Find the Window (First Match)
    t =    15.36s     Added attachment named '-[WorkshopUITests testRelaunchResumesSavedCircuitAndInputState]'
    t =    15.36s     Terminate local.aibou.gamelab:75955
Test Case '-[AIBOUGameLabUITests.WorkshopUITests testRelaunchResumesSavedCircuitAndInputState]' passed (16.517 seconds).
Test Suite 'WorkshopUITests' passed at 2026-09-15 13:29:26.790.
	 Executed 1 test, with 0 failures (0 unexpected) in 16.517 (16.518) seconds
Test Suite 'AIBOUGameLabUITests.xctest' failed at 2026-09-15 13:29:26.790.
	 Executed 6 tests, with 1 failure (0 unexpected) in 95.701 (95.705) seconds
Test Suite 'Selected tests' failed at 2026-09-15 13:29:26.791.
	 Executed 6 tests, with 1 failure (0 unexpected) in 95.701 (95.705) seconds
2026-09-15 13:29:33.288 xcodebuild[75783:34149334] [MT] IDETestOperationsObserverDebug: 104.438 elapsed -- Testing started completed.
2026-09-15 13:29:33.288 xcodebuild[75783:34149334] [MT] IDETestOperationsObserverDebug: 0.000 sec, +0.000 sec -- start
2026-09-15 13:29:33.288 xcodebuild[75783:34149334] [MT] IDETestOperationsObserverDebug: 104.438 sec, +104.438 sec -- end

Test session results, code coverage, and logs:
	/Users/fujishima/aibou-learning-verification/isolated/game-lab/QA/results/ui-20260915-132748-75761.xcresult

Failing tests:
	ExhibitionUITests.testGirlOpensLessonsAndAllTwentyExperimentsComplete()

** TEST EXECUTE FAILED **

Testing started
