Sources/AdditionalCollectors.swift: OK
Sources/App.swift: OK
Sources/ApplicationDetailView.swift: OK
Sources/ApplicationLauncher.swift: OK
Sources/ApplicationLauncherView.swift: OK
Sources/ApplicationStorage.swift: OK
Sources/ApplicationUsage.swift: OK
Sources/CodexRPC.swift: OK
Sources/Common.swift: OK
Sources/ConsultationModel.swift: OK
Sources/ConsultationPayload.swift: OK
Sources/ConsultationView.swift: OK
Sources/CoreSampler.swift: OK
Sources/DeviceSampler.swift: OK
Sources/DiagnosticCatalog.swift: OK
Sources/Diagnostics.swift: OK
Sources/DiagnosticsView.swift: OK
Sources/History.swift: OK
Sources/MonitorStore.swift: OK
Sources/Observations.swift: OK
Sources/StorageScanner.swift: OK
Tests/AdditionalTests.swift: OK
Tests/ApplicationLauncherTests.swift: OK
Tests/ApplicationStorageTests.swift: OK
Tests/ApplicationUsageTests.swift: OK
Tests/ConsultationTests.swift: OK
Tests/CoreTests.swift: OK
Tests/DeviceTests.swift: OK
Tests/DiagnosticTests.swift: OK
Tests/HistoryTests.swift: OK
Tests/ObservationTests.swift: OK
Tests/StorageTests.swift: OK
Tests/StoreTests.swift: OK
Tests/TestMain.swift: OK
Info.plist: OK
PrivacyInfo.xcprivacy: OK
run.sh: OK
