/var/folders/5h/3tm6f2qd6hz84fw4nb54k5s00000gn/T//aibou-render-experiences.6ZznXq/RenderExperiences.app: replacing existing signature
Rendered representative bit-art
Rendered representative circuit-atelier
Rendered representative memory-switch
Rendered representative tiny-switch-workshop
Rendered representative instruction-atelier
Rendered representative work-dispatch
Rendered representative parallel-factory
Rendered representative pixel-factory
Rendered representative memory-dock
Rendered representative cache-delivery
Rendered representative memory-rescue
Rendered representative storage-warehouse
Rendered representative display-studio
Rendered representative packet-express
Rendered representative board-town
Rendered representative connection-lab
Rendered representative pc-day
Rendered representative battery-voyage
Rendered representative cooling-workshop
Rendered representative bottleneck-detective
Saved 29 production-view PNGs, 1 contact sheets; 0 save/reopen checks passed. Output: /Users/fujishima/aibou/output/minigame-experiences-qa-final-v3
